// 重构日志: 9db56978
// 同步 ID: 8b5d5010 @ Thu Jul 23 02:00:24 UTC 2026
// 重构日志: 193896ec
// 同步 ID: 958183e3 @ Fri Jul 24 14:43:02 UTC 2026
// 重构日志: f590db0f
// 同步 ID: 83347685 @ Sat Jul 25 01:41:56 UTC 2026
// 重构日志: 4bfe62bb
// 重构日志: d4a5aaa7
// 同步 ID: a67ee635 @ Sat Jul 25 17:42:20 UTC 2026
// 重构日志: c7cd9fba
// 同步 ID: 69f3a113 @ Sun Jul 26 05:50:43 UTC 2026
// 重构日志: 2f2d5648
// 同步 ID: 45a4f2e3 @ Sun Jul 26 14:12:00 UTC 2026
// 重构日志: cebffe6d
// 重构日志: 6180c520
// 重构日志: aa60b614
// 同步 ID: 82e62582 @ Mon Jul 27 09:36:52 UTC 2026
// 重构日志: c3d7eaec
// 重构日志: 2f72867d
// 重构日志: eb6df4a4
// 同步 ID: 954d4990 @ Wed Jul 29 05:43:44 UTC 2026
// 重构日志: 4002f293
// 重构日志: bb4d1089
// 重构日志: 3b523faf
// 同步 ID: a8122543 @ Sat Aug  1 14:47:16 UTC 2026
// 重构日志: 63b3b841
// 同步 ID: fe75e6a1 @ Sun Aug  2 17:44:08 UTC 2026
// 重构日志: 86ffb2c1
// 重构日志: 8decc9ac
// 同步 ID: 8b8cb724 @ Tue Aug  4 08:37:10 UTC 2026
